Microchip MPLAB XC8 Compiler V1.33 ()

Linker command line:

--edf=C:\Program Files (x86)\Microchip\xc8\v1.33\dat\en_msgs.txt -cs \
  -h+ShotclockTimer.sym --cmf=ShotclockTimer.cmf -z -Q16F877A \
  -oC:\Users\RETROG~1\AppData\Local\Temp\sqpc.6 -MShotclockTimer.map -E1 \
  -ver=XC8 -ASTACK=0110h-016fh -pstack=STACK -ACONST=00h-0FFhx32 \
  -ACODE=00h-07FFhx4 -ASTRCODE=00h-01FFFh -AENTRY=00h-0FFhx32 \
  -ASTRING=00h-0FFhx32 -ACOMMON=070h-07Fh -ABANK0=020h-06Fh \
  -ABANK1=0A0h-0EFh -ABANK2=0110h-016Fh -ABANK3=0190h-01EFh \
  -ARAM=020h-06Fh,0A0h-0EFh,0110h-016Fh,0190h-01EFh \
  -AABS1=020h-07Fh,0A0h-0EFh,0110h-016Fh,0190h-01EFh -ASFR0=00h-01Fh \
  -ASFR1=080h-09Fh -ASFR2=0100h-010Fh -ASFR3=0180h-018Fh \
  -preset_vec=00h,intentry=04h,init,end_init -ppowerup=CODE -pcinit=CODE \
  -pfunctab=CODE -ACONFIG=02007h-02007h -pconfig=CONFIG -DCONFIG=2 \
  -AIDLOC=02000h-02003h -pidloc=IDLOC -DIDLOC=2 -AEEDATA=00h-0FFh/02100h \
  -peeprom_data=EEDATA -DEEDATA=2 -DCODE=2 -DSTRCODE=2 -DSTRING=2 -DCONST=2 \
  -DENTRY=2 -k startup.obj ShotclockTimer.obj 

Object code version is 3.11

Machine type is 16F877A



                Name                               Link     Load   Length Selector   Space Scale
startup.obj     end_init                             12       12        3        8       0
                reset_vec                             0        0        3        0       0
                config                             2007     2007        1     400E       0
ShotclockTimer.obj
                cinit                                15       15       18        8       0
                intentry                              4        4        E        8       0
                text12                              3F0      3F0       13        8       0
                text11                              373      373       21        8       0
                text10                              414      414       11        8       0
                text9                               1EF      1EF       90        8       0
                text8                               27F      27F       5D        8       0
                text7                               2DC      2DC       4F        8       0
                text6                               3DD      3DD       13        8       0
                text5                               3CA      3CA       13        8       0
                text4                                2D       2D      125        8       0
                text3                               351      351       22        8       0
                text2                               32B      32B       26        8       0
                text1                               152      152       9D        8       0
                maintext                            394      394       1E        8       0
                cstackBANK0                          20       20       24       20       1
                cstackCOMMON                         70       70        6       70       1
                inittext                            403      403       11        8       0
                dataBANK0                            44       44       18       20       1
                bssBANK0                             5C       5C        4       20       1
                bssCOMMON                            76       76        4       70       1
                idataBANK0                          3B2      3B2       18        8       0

TOTAL           Name                               Link     Load   Length     Space
        CLASS   STACK          

        CLASS   CONST          

        CLASS   CODE           
                end_init                             12       12        3         0
                cinit                                15       15       18         0
                intentry                              4        4        E         0
                reset_vec                             0        0        3         0
                text12                              3F0      3F0       13         0
                text11                              373      373       21         0
                text10                              414      414       11         0
                text9                               1EF      1EF       90         0
                text8                               27F      27F       5D         0
                text7                               2DC      2DC       4F         0
                text6                               3DD      3DD       13         0
                text5                               3CA      3CA       13         0
                text4                                2D       2D      125         0
                text3                               351      351       22         0
                text2                               32B      32B       26         0
                text1                               152      152       9D         0
                maintext                            394      394       1E         0
                inittext                            403      403       11         0
                idataBANK0                          3B2      3B2       18         0

        CLASS   STRCODE        

        CLASS   ENTRY          

        CLASS   STRING         

        CLASS   COMMON         
                cstackCOMMON                         70       70        6         1
                bssCOMMON                            76       76        4         1

        CLASS   BANK0          
                cstackBANK0                          20       20       24         1
                dataBANK0                            44       44       18         1
                bssBANK0                             5C       5C        4         1

        CLASS   BANK1          

        CLASS   BANK2          

        CLASS   BANK3          

        CLASS   RAM            

        CLASS   ABS1           
                abs_s1                               7E       7E        2         1

        CLASS   SFR0           

        CLASS   SFR1           

        CLASS   SFR2           

        CLASS   SFR3           

        CLASS   CONFIG         
                config                             2007     2007        1         0

        CLASS   IDLOC          

        CLASS   EEDATA         



SEGMENTS        Name                           Load    Length   Top    Selector   Space  Class     Delta

                reset_vec                      000000  000003  000003         0       0  CODE        2
                intentry                       000004  000421  000425         8       0  CODE        2
                cstackBANK0                    000020  000040  000060        20       1  BANK0       1
                cstackCOMMON                   000070  00000A  00007A        70       1  COMMON      1
                config                         002007  000001  002008      400E       0  CONFIG      2


UNUSED ADDRESS RANGES

        Name                Unused          Largest block    Delta
        BANK0            0060-006F             10           1
        BANK1            00A0-00EF             50           1
        BANK2            0110-016F             60           1
        BANK3            0190-01EF             60           1
        CODE             0003-0003              1           2
                         0425-1FFF            800
        COMMON           007A-007D              4           1
        CONST            0003-0003              1           2
                         0425-1FFF            100
        EEDATA           2100-21FF            100           2
        ENTRY            0003-0003              1           2
                         0425-1FFF            100
        IDLOC            2000-2003              4           2
        RAM              0060-006F             10           1
                         00A0-00EF             50
                         0110-016F             60
                         0190-01EF             60
        SFR0             0000-001F             20           1
        SFR1             0080-009F             20           1
        SFR2             0100-010F             10           1
        SFR3             0180-018F             10           1
        STACK            0110-016F             60           1
        STRCODE          0003-0003              1           2
                         0425-1FFF           1BDB
        STRING           0003-0003              1           2
                         0425-1FFF            100

                                  Symbol Table

?___awdiv                cstackBANK0  0020
?___awmod                cstackBANK0  0020
DAVBL@DATA               cstackBANK0  0021
_ADCON1                  (abs)        009F
_CMCON                   (abs)        009C
_DAVBL                   text9        01EF
_GIE                     (abs)        005F
_INTE                    (abs)        005C
_INTF                    (abs)        0059
_ISR                     text11       0373
_OPTION_REG              (abs)        0081
_PORTC                   (abs)        0007
_PORTD                   (abs)        0008
_RA0                     (abs)        0028
_RA1                     (abs)        0029
_RA2                     (abs)        002A
_RD4                     (abs)        0044
_T0IE                    (abs)        005D
_T0IF                    (abs)        005A
_TRISA                   (abs)        0085
_TRISB                   (abs)        0086
_TRISC                   (abs)        0087
_TRISD                   (abs)        0088
__CFG_BOREN$ON           (abs)        0000
__CFG_CP$OFF             (abs)        0000
__CFG_CPD$OFF            (abs)        0000
__CFG_FOSC$XT            (abs)        0000
__CFG_LVP$OFF            (abs)        0000
__CFG_PWRTE$ON           (abs)        0000
__CFG_WDTE$OFF           (abs)        0000
__CFG_WRT$OFF            (abs)        0000
__Habs1                  abs1         0000
__Hbank0                 bank0        0000
__Hbank1                 bank1        0000
__Hbank2                 bank2        0000
__Hbank3                 bank3        0000
__HbssBANK0              bssBANK0     0000
__HbssCOMMON             bssCOMMON    0000
__Hcinit                 cinit        002D
__Hclrtext               clrtext      0000
__Hcode                  code         0000
__Hcommon                common       0000
__Hconfig                config       2008
__HcstackBANK0           cstackBANK0  0000
__HcstackCOMMON          cstackCOMMON 0000
__HdataBANK0             dataBANK0    0000
__Heeprom_data           eeprom_data  0000
__Hend_init              end_init     0015
__Hfunctab               functab      0000
__HidataBANK0            idataBANK0   0000
__Hidloc                 idloc        0000
__Hinit                  init         0012
__Hinittext              inittext     0000
__Hintentry              intentry     0012
__Hmaintext              maintext     0000
__Hpowerup               powerup      0000
__Hram                   ram          0000
__Hreset_vec             reset_vec    0003
__Hsfr0                  sfr0         0000
__Hsfr1                  sfr1         0000
__Hsfr2                  sfr2         0000
__Hsfr3                  sfr3         0000
__Hspace_0               (abs)        2008
__Hspace_1               (abs)        007A
__Hspace_2               (abs)        0000
__Hspace_3               (abs)        0000
__Hstack                 stack        0000
__Hstrings               strings      0000
__Htext                  text         0000
__Labs1                  abs1         0000
__Lbank0                 bank0        0000
__Lbank1                 bank1        0000
__Lbank2                 bank2        0000
__Lbank3                 bank3        0000
__LbssBANK0              bssBANK0     0000
__LbssCOMMON             bssCOMMON    0000
__Lcinit                 cinit        0015
__Lclrtext               clrtext      0000
__Lcode                  code         0000
__Lcommon                common       0000
__Lconfig                config       2007
__LcstackBANK0           cstackBANK0  0000
__LcstackCOMMON          cstackCOMMON 0000
__LdataBANK0             dataBANK0    0000
__Leeprom_data           eeprom_data  0000
__Lend_init              end_init     0012
__Lfunctab               functab      0000
__LidataBANK0            idataBANK0   0000
__Lidloc                 idloc        0000
__Linit                  init         0012
__Linittext              inittext     0000
__Lintentry              intentry     0004
__Lmaintext              maintext     0000
__Lpowerup               powerup      0000
__Lram                   ram          0000
__Lreset_vec             reset_vec    0000
__Lsfr0                  sfr0         0000
__Lsfr1                  sfr1         0000
__Lsfr2                  sfr2         0000
__Lsfr3                  sfr3         0000
__Lspace_0               (abs)        0000
__Lspace_1               (abs)        0000
__Lspace_2               (abs)        0000
__Lspace_3               (abs)        0000
__Lstack                 stack        0000
__Lstrings               strings      0000
__Ltext                  text         0000
__S0                     (abs)        2008
__S1                     (abs)        007A
__S2                     (abs)        0000
__S3                     (abs)        0000
___awdiv                 text8        027F
___awdiv@counter         cstackBANK0  0024
___awdiv@dividend        cstackBANK0  0022
___awdiv@divisor         cstackBANK0  0020
___awdiv@quotient        cstackBANK0  0026
___awdiv@sign            cstackBANK0  0025
___awmod                 text7        02DC
___awmod@counter         cstackBANK0  0024
___awmod@dividend        cstackBANK0  0022
___awmod@divisor         cstackBANK0  0020
___awmod@sign            cstackBANK0  0025
___int_sp                stack        0000
___latbits               (abs)        0002
___sp                    stack        0000
__end_of_DAVBL           text9        027F
__end_of_ISR             text11       0394
__end_of___awdiv         text8        02DC
__end_of___awmod         text7        032B
__end_of__initialization cinit        0029
__end_of_beginCount      text4        0152
__end_of_dataCtrl        text6        03F0
__end_of_delay           text10       0425
__end_of_dispHeader      text1        01EF
__end_of_dispSTR         text3        0373
__end_of_initLCD         text2        0351
__end_of_instCtrl        text5        03DD
__end_of_main            maintext     03B2
__end_of_toogleFlag      text12       0403
__initialization         cinit        0015
__pbssBANK0              bssBANK0     005C
__pbssCOMMON             bssCOMMON    0076
__pcstackBANK0           cstackBANK0  0020
__pcstackCOMMON          cstackCOMMON 0070
__pdataBANK0             dataBANK0    0044
__pidataBANK0            idataBANK0   03B2
__pintentry              intentry     0004
__pmaintext              maintext     0394
__ptext1                 text1        0152
__ptext10                text10       0414
__ptext11                text11       0373
__ptext12                text12       03F0
__ptext2                 text2        032B
__ptext3                 text3        0351
__ptext4                 text4        002D
__ptext5                 text5        03CA
__ptext6                 text6        03DD
__ptext7                 text7        02DC
__ptext8                 text8        027F
__ptext9                 text9        01EF
__size_of_DAVBL          (abs)        0000
__size_of_ISR            (abs)        0000
__size_of___awdiv        (abs)        0000
__size_of___awmod        (abs)        0000
__size_of_beginCount     (abs)        0000
__size_of_dataCtrl       (abs)        0000
__size_of_delay          (abs)        0000
__size_of_dispHeader     (abs)        0000
__size_of_dispSTR        (abs)        0000
__size_of_initLCD        (abs)        0000
__size_of_instCtrl       (abs)        0000
__size_of_main           (abs)        0000
__size_of_toogleFlag     (abs)        0000
_beginCount              text4        002D
_count_flag              bssCOMMON    0076
_dataCtrl                text6        03DD
_dataRead                bssCOMMON    0078
_delay                   text10       0414
_dispHeader              text1        0152
_dispSTR                 text3        0351
_dispSec                 bssBANK0     005C
_flagPause               dataBANK0    0058
_initLCD                 text2        032B
_instCtrl                text5        03CA
_main                    maintext     0394
_newSeconds              bssBANK0     005E
_seconds                 dataBANK0    005A
_toogleFlag              text12       03F0
beginCount@secLSB        cstackBANK0  002A
beginCount@secLSB_83     cstackBANK0  002C
beginCount@secMSB        cstackBANK0  002E
beginCount@secMSB_84     cstackBANK0  0030
btemp                    (abs)        007E
dataCtrl@DATA            cstackBANK0  0021
delay@timer              cstackCOMMON 0074
dispHeader@F1179         dataBANK0    0044
dispHeader@header        cstackBANK0  002C
dispHeader@secLSB        cstackBANK0  0040
dispHeader@secMSB        cstackBANK0  0042
dispSTR@STR              cstackBANK0  0023
dispSTR@i                cstackBANK0  0024
end_of_initialization    cinit        0029
init_fetch0              inittext     0403
init_ram0                inittext     0407
instCtrl@INST            cstackBANK0  0021
interrupt_function       intentry     0004
intlevel0                functab      0000
intlevel1                functab      0000
intlevel2                functab      0000
intlevel3                functab      0000
intlevel4                functab      0000
intlevel5                functab      0000
ltemp                    (abs)        007E
ltemp0                   (abs)        007E
ltemp1                   (abs)        0082
ltemp2                   (abs)        0086
ltemp3                   (abs)        0080
reset_vec                reset_vec    0000
saved_w                  (abs)        007E
stackhi                  (abs)        0000
stacklo                  (abs)        0000
start                    init         0012
start_initialization     cinit        0015
ttemp                    (abs)        007E
ttemp0                   (abs)        007E
ttemp1                   (abs)        0081
ttemp2                   (abs)        0084
ttemp3                   (abs)        0087
ttemp4                   (abs)        007F
wtemp                    (abs)        007E
wtemp0                   (abs)        007E
wtemp1                   (abs)        0080
wtemp2                   (abs)        0082
wtemp3                   (abs)        0084
wtemp4                   (abs)        0086
wtemp5                   (abs)        0088
wtemp6                   (abs)        007F


FUNCTION INFORMATION:

 *************** function _main *****************
 Defined at:
		line 29 in file "C:\Users\RetroGeek\Documents\GIT\ProteusLibrary\Shotclock Timer\ShotclockTimer.c"
 Parameters:    Size  Location     Type
		None
 Auto vars:     Size  Location     Type
		None
 Return value:  Size  Location     Type
		None               void
 Registers used:
		wreg, fsr0l, fsr0h, status,2, status,0, btemp+1, pclath, cstack
 Tracked objects:
		On entry : 
		On exit  : 
		Unchanged: 
 Data sizes:     COMMON   BANK0   BANK1   BANK3   BANK2
      Params:         0       0       0       0       0
      Locals:         0       0       0       0       0
      Temps:          0       0       0       0       0
      Totals:         0       0       0       0       0
Total ram usage:        0 bytes
 Hardware stack levels required when called:    6
 This function calls:
		_beginCount
		_dispHeader
 This function is called by:
		Startup code after reset
 This function uses a non-reentrant model


 *************** function _dispHeader *****************
 Defined at:
		line 169 in file "C:\Users\RetroGeek\Documents\GIT\ProteusLibrary\Shotclock Timer\ShotclockTimer.c"
 Parameters:    Size  Location     Type
		None
 Auto vars:     Size  Location     Type
  header         20   12[BANK0 ] unsigned char [20]
  secMSB          2   34[BANK0 ] int 
  secLSB          2   32[BANK0 ] int 
 Return value:  Size  Location     Type
		None               void
 Registers used:
		wreg, fsr0l, fsr0h, status,2, status,0, pclath, cstack
 Tracked objects:
		On entry : 
		On exit  : 
		Unchanged: 
 Data sizes:     COMMON   BANK0   BANK1   BANK3   BANK2
      Params:         0       0       0       0       0
      Locals:         0      24       0       0       0
      Temps:          0       4       0       0       0
      Totals:         0      28       0       0       0
Total ram usage:       28 bytes
 Hardware stack levels used:    1
 Hardware stack levels required when called:    5
 This function calls:
		___awdiv
		___awmod
		_dataCtrl
		_dispSTR
		_initLCD
		_instCtrl
 This function is called by:
		_main
 This function uses a non-reentrant model


 *************** function _initLCD *****************
 Defined at:
		line 110 in file "C:\Users\RetroGeek\Documents\GIT\ProteusLibrary\Shotclock Timer\ShotclockTimer.c"
 Parameters:    Size  Location     Type
		None
 Auto vars:     Size  Location     Type
		None
 Return value:  Size  Location     Type
		None               void
 Registers used:
		wreg, status,2, status,0, pclath, cstack
 Tracked objects:
		On entry : 
		On exit  : 
		Unchanged: 
 Data sizes:     COMMON   BANK0   BANK1   BANK3   BANK2
      Params:         0       0       0       0       0
      Locals:         0       0       0       0       0
      Temps:          0       0       0       0       0
      Totals:         0       0       0       0       0
Total ram usage:        0 bytes
 Hardware stack levels used:    1
 Hardware stack levels required when called:    4
 This function calls:
		_delay
		_instCtrl
 This function is called by:
		_dispHeader
 This function uses a non-reentrant model


 *************** function _dispSTR *****************
 Defined at:
		line 187 in file "C:\Users\RetroGeek\Documents\GIT\ProteusLibrary\Shotclock Timer\ShotclockTimer.c"
 Parameters:    Size  Location     Type
  STR             1    wreg     PTR unsigned char 
		 -> dispHeader@header(20), 
 Auto vars:     Size  Location     Type
  STR             1    3[BANK0 ] PTR unsigned char 
		 -> dispHeader@header(20), 
  i               2    4[BANK0 ] int 
 Return value:  Size  Location     Type
		None               void
 Registers used:
		wreg, fsr0l, fsr0h, status,2, status,0, pclath, cstack
 Tracked objects:
		On entry : 
		On exit  : 
		Unchanged: 
 Data sizes:     COMMON   BANK0   BANK1   BANK3   BANK2
      Params:         0       0       0       0       0
      Locals:         0       3       0       0       0
      Temps:          0       1       0       0       0
      Totals:         0       4       0       0       0
Total ram usage:        4 bytes
 Hardware stack levels used:    1
 Hardware stack levels required when called:    4
 This function calls:
		_dataCtrl
 This function is called by:
		_dispHeader
 This function uses a non-reentrant model


 *************** function _beginCount *****************
 Defined at:
		line 56 in file "C:\Users\RetroGeek\Documents\GIT\ProteusLibrary\Shotclock Timer\ShotclockTimer.c"
 Parameters:    Size  Location     Type
		None
 Auto vars:     Size  Location     Type
  secMSB          2   14[BANK0 ] int 
  secLSB          2   10[BANK0 ] int 
  secMSB          2   16[BANK0 ] int 
  secLSB          2   12[BANK0 ] int 
 Return value:  Size  Location     Type
		None               void
 Registers used:
		wreg, fsr0l, fsr0h, status,2, status,0, btemp+1, pclath, cstack
 Tracked objects:
		On entry : 
		On exit  : 
		Unchanged: 
 Data sizes:     COMMON   BANK0   BANK1   BANK3   BANK2
      Params:         0       0       0       0       0
      Locals:         0       8       0       0       0
      Temps:          0       2       0       0       0
      Totals:         0      10       0       0       0
Total ram usage:       10 bytes
 Hardware stack levels used:    1
 Hardware stack levels required when called:    4
 This function calls:
		_DAVBL
		___awdiv
		___awmod
		_dataCtrl
		_delay
		_instCtrl
 This function is called by:
		_main
 This function uses a non-reentrant model


 *************** function _instCtrl *****************
 Defined at:
		line 100 in file "C:\Users\RetroGeek\Documents\GIT\ProteusLibrary\Shotclock Timer\ShotclockTimer.c"
 Parameters:    Size  Location     Type
  INST            1    wreg     unsigned char 
 Auto vars:     Size  Location     Type
  INST            1    1[BANK0 ] unsigned char 
 Return value:  Size  Location     Type
		None               void
 Registers used:
		wreg, status,2, status,0, pclath, cstack
 Tracked objects:
		On entry : 
		On exit  : 
		Unchanged: 
 Data sizes:     COMMON   BANK0   BANK1   BANK3   BANK2
      Params:         0       0       0       0       0
      Locals:         0       1       0       0       0
      Temps:          0       0       0       0       0
      Totals:         0       1       0       0       0
Total ram usage:        1 bytes
 Hardware stack levels used:    1
 Hardware stack levels required when called:    3
 This function calls:
		_delay
 This function is called by:
		_beginCount
		_initLCD
		_dispHeader
 This function uses a non-reentrant model


 *************** function _dataCtrl *****************
 Defined at:
		line 120 in file "C:\Users\RetroGeek\Documents\GIT\ProteusLibrary\Shotclock Timer\ShotclockTimer.c"
 Parameters:    Size  Location     Type
  DATA            1    wreg     unsigned char 
 Auto vars:     Size  Location     Type
  DATA            1    1[BANK0 ] unsigned char 
 Return value:  Size  Location     Type
		None               void
 Registers used:
		wreg, status,2, status,0, pclath, cstack
 Tracked objects:
		On entry : 
		On exit  : 
		Unchanged: 
 Data sizes:     COMMON   BANK0   BANK1   BANK3   BANK2
      Params:         0       0       0       0       0
      Locals:         0       1       0       0       0
      Temps:          0       0       0       0       0
      Totals:         0       1       0       0       0
Total ram usage:        1 bytes
 Hardware stack levels used:    1
 Hardware stack levels required when called:    3
 This function calls:
		_delay
 This function is called by:
		_beginCount
		_dispHeader
		_dispSTR
 This function uses a non-reentrant model


 *************** function ___awmod *****************
 Defined at:
		line 6 in file "C:\Program Files (x86)\Microchip\xc8\v1.33\sources\common\awmod.c"
 Parameters:    Size  Location     Type
  divisor         2    0[BANK0 ] int 
  dividend        2    2[BANK0 ] int 
 Auto vars:     Size  Location     Type
  sign            1    5[BANK0 ] unsigned char 
  counter         1    4[BANK0 ] unsigned char 
 Return value:  Size  Location     Type
                  2    0[BANK0 ] int 
 Registers used:
		wreg, status,2, status,0
 Tracked objects:
		On entry : 
		On exit  : 
		Unchanged: 
 Data sizes:     COMMON   BANK0   BANK1   BANK3   BANK2
      Params:         0       4       0       0       0
      Locals:         0       2       0       0       0
      Temps:          1       0       0       0       0
      Totals:         1       6       0       0       0
Total ram usage:        7 bytes
 Hardware stack levels used:    1
 Hardware stack levels required when called:    2
 This function calls:
		Nothing
 This function is called by:
		_beginCount
		_dispHeader
 This function uses a non-reentrant model


 *************** function ___awdiv *****************
 Defined at:
		line 6 in file "C:\Program Files (x86)\Microchip\xc8\v1.33\sources\common\awdiv.c"
 Parameters:    Size  Location     Type
  divisor         2    0[BANK0 ] int 
  dividend        2    2[BANK0 ] int 
 Auto vars:     Size  Location     Type
  quotient        2    6[BANK0 ] int 
  sign            1    5[BANK0 ] unsigned char 
  counter         1    4[BANK0 ] unsigned char 
 Return value:  Size  Location     Type
                  2    0[BANK0 ] int 
 Registers used:
		wreg, status,2, status,0
 Tracked objects:
		On entry : 
		On exit  : 
		Unchanged: 
 Data sizes:     COMMON   BANK0   BANK1   BANK3   BANK2
      Params:         0       4       0       0       0
      Locals:         0       4       0       0       0
      Temps:          1       0       0       0       0
      Totals:         1       8       0       0       0
Total ram usage:        9 bytes
 Hardware stack levels used:    1
 Hardware stack levels required when called:    2
 This function calls:
		Nothing
 This function is called by:
		_beginCount
		_dispHeader
 This function uses a non-reentrant model


 *************** function _DAVBL *****************
 Defined at:
		line 130 in file "C:\Users\RetroGeek\Documents\GIT\ProteusLibrary\Shotclock Timer\ShotclockTimer.c"
 Parameters:    Size  Location     Type
		None
 Auto vars:     Size  Location     Type
  DATA            2    1[BANK0 ] int 
 Return value:  Size  Location     Type
		None               void
 Registers used:
		wreg, fsr0l, fsr0h, status,2, status,0, btemp+1, pclath, cstack
 Tracked objects:
		On entry : 
		On exit  : 
		Unchanged: 
 Data sizes:     COMMON   BANK0   BANK1   BANK3   BANK2
      Params:         0       0       0       0       0
      Locals:         0       2       0       0       0
      Temps:          0       0       0       0       0
      Totals:         0       2       0       0       0
Total ram usage:        2 bytes
 Hardware stack levels used:    1
 Hardware stack levels required when called:    3
 This function calls:
		_delay
 This function is called by:
		_beginCount
 This function uses a non-reentrant model


 *************** function _delay *****************
 Defined at:
		line 202 in file "C:\Users\RetroGeek\Documents\GIT\ProteusLibrary\Shotclock Timer\ShotclockTimer.c"
 Parameters:    Size  Location     Type
  timer           2    4[COMMON] int 
 Auto vars:     Size  Location     Type
		None
 Return value:  Size  Location     Type
		None               void
 Registers used:
		wreg, status,2
 Tracked objects:
		On entry : 
		On exit  : 
		Unchanged: 
 Data sizes:     COMMON   BANK0   BANK1   BANK3   BANK2
      Params:         2       0       0       0       0
      Locals:         0       0       0       0       0
      Temps:          0       1       0       0       0
      Totals:         2       1       0       0       0
Total ram usage:        3 bytes
 Hardware stack levels used:    1
 Hardware stack levels required when called:    2
 This function calls:
		Nothing
 This function is called by:
		_beginCount
		_instCtrl
		_initLCD
		_dataCtrl
		_DAVBL
 This function uses a non-reentrant model


 *************** function _ISR *****************
 Defined at:
		line 210 in file "C:\Users\RetroGeek\Documents\GIT\ProteusLibrary\Shotclock Timer\ShotclockTimer.c"
 Parameters:    Size  Location     Type
		None
 Auto vars:     Size  Location     Type
		None
 Return value:  Size  Location     Type
		None               void
 Registers used:
		wreg, status,2, status,0, pclath, cstack
 Tracked objects:
		On entry : 
		On exit  : 
		Unchanged: 
 Data sizes:     COMMON   BANK0   BANK1   BANK3   BANK2
      Params:         0       0       0       0       0
      Locals:         0       0       0       0       0
      Temps:          4       0       0       0       0
      Totals:         4       0       0       0       0
Total ram usage:        4 bytes
 Hardware stack levels used:    1
 Hardware stack levels required when called:    1
 This function calls:
		_toogleFlag
 This function is called by:
		Interrupt level 1
 This function uses a non-reentrant model


 *************** function _toogleFlag *****************
 Defined at:
		line 226 in file "C:\Users\RetroGeek\Documents\GIT\ProteusLibrary\Shotclock Timer\ShotclockTimer.c"
 Parameters:    Size  Location     Type
		None
 Auto vars:     Size  Location     Type
		None
 Return value:  Size  Location     Type
		None               void
 Registers used:
		wreg, status,2, status,0
 Tracked objects:
		On entry : 
		On exit  : 
		Unchanged: 
 Data sizes:     COMMON   BANK0   BANK1   BANK3   BANK2
      Params:         0       0       0       0       0
      Locals:         0       0       0       0       0
      Temps:          0       0       0       0       0
      Totals:         0       0       0       0       0
Total ram usage:        0 bytes
 Hardware stack levels used:    1
 This function calls:
		Nothing
 This function is called by:
		_ISR
 This function uses a non-reentrant model



MODULE INFORMATION

Module		Function		Class		Link	Load	Size
C:\Program Files (x86)\Microchip\xc8\v1.33\sources\common\awmod.c
		___awmod       		CODE           	02DC	0000	79

C:\Program Files (x86)\Microchip\xc8\v1.33\sources\common\awmod.c estimated size: 79

C:\Program Files (x86)\Microchip\xc8\v1.33\sources\common\awdiv.c
		___awdiv       		CODE           	027F	0000	93

C:\Program Files (x86)\Microchip\xc8\v1.33\sources\common\awdiv.c estimated size: 93

shared
		__initializatio		CODE           	0015	0000	20

shared estimated size: 20

C:\Users\RetroGeek\Documents\GIT\ProteusLibrary\Shotclock Timer\ShotclockTimer.c
		_beginCount    		CODE           	002D	0000	293
		_delay         		CODE           	0414	0000	17
		_ISR           		CODE           	0373	0000	33
		_main          		CODE           	0394	0000	30
		_instCtrl      		CODE           	03CA	0000	19
		_dataCtrl      		CODE           	03DD	0000	19
		_dispSTR       		CODE           	0351	0000	34
		_DAVBL         		CODE           	01EF	0000	144
		_toogleFlag    		CODE           	03F0	0000	19
		_dispHeader    		CODE           	0152	0000	157
		_initLCD       		CODE           	032B	0000	38

C:\Users\RetroGeek\Documents\GIT\ProteusLibrary\Shotclock Timer\ShotclockTimer.c estimated size: 803

